stm32l0xx_hal_rcc.c:224:19:HAL_RCC_DeInit	32	static
stm32l0xx_hal_rcc.c:339:19:HAL_RCC_OscConfig	56	static
stm32l0xx_hal_rcc.c:859:19:HAL_RCC_ClockConfig	32	static
stm32l0xx_hal_rcc.c:1105:6:HAL_RCC_MCOConfig	64	static
stm32l0xx_hal_rcc.c:1199:10:HAL_RCC_GetSysClockFreq	32	static
stm32l0xx_hal_rcc.c:1269:10:HAL_RCC_GetHCLKFreq	8	static
stm32l0xx_hal_rcc.c:1280:10:HAL_RCC_GetPCLK1Freq	8	static
stm32l0xx_hal_rcc.c:1292:10:HAL_RCC_GetPCLK2Freq	8	static
stm32l0xx_hal_rcc.c:1305:6:HAL_RCC_GetOscConfig	16	static
stm32l0xx_hal_rcc.c:1408:6:HAL_RCC_GetClockConfig	16	static
