main.c:62:6:GPIO_SET_MODE_OUTPUT	48	static
main.c:92:6:GPIO_SET_MDIO_MODE_INPUT	48	static
main.c:130:6:GPIO_SET_MDIO_MDC_MODE_INPUT	48	static
main.c:178:6:_MIIM_DRIVER_CLOCK_PULSE	8	static
main.c:185:6:_MIIM_DRIVER_START	16	static
main.c:200:6:_MIIM_DRIVER_OP_CODE_READ	8	static
main.c:208:6:_MIIM_DRIVER_OP_CODE_WRITE	8	static
main.c:216:6:_MIIM_DRIVER_PHY_REG_OUTPUT	24	static
main.c:238:6:_MIIM_DRIVER_TA_WRITE	8	static
main.c:243:6:_MIIM_DRIVER_TA_READ	8	static
main.c:252:6:_MIIM_DRIVER_WRITE_DATA	24	static
main.c:267:10:_MIIM_DRIVER_READ_DATA	16	static
main.c:302:6:MIIM_DRIVER_WRITE	24	static
main.c:335:10:MIIM_DRIVER_READ	32	static
main.c:375:5:main	32	static
main.c:538:6:SystemClock_Config	112	static
main.c:584:13:MX_USART2_UART_Init	8	static
main.c:619:13:MX_GPIO_Init	48	static
main.c:657:6:Error_Handler	8	static
